../Core/Src/main.c:72:6:HAL_Delay_us	24	static
../Core/Src/main.c:79:6:HAL_UART_RxCpltCallback	16	static
../Core/Src/main.c:93:6:send_debug_message	16	static
../Core/Src/main.c:100:6:enable_dwt	4	static
../Core/Src/main.c:108:6:processSlots	24	static
../Core/Src/main.c:131:6:triggerOnSlotRelay	16	static
../Core/Src/main.c:147:6:triggerOfSlotRelays	8	static
../Core/Src/main.c:153:6:HAL_GPIO_EXTI_Callback	24	static
../Core/Src/main.c:171:5:main	8	static
../Core/Src/main.c:230:6:SystemClock_Config	88	static
../Core/Src/main.c:277:13:MX_USART2_UART_Init	8	static
../Core/Src/main.c:310:13:MX_GPIO_Init	48	static
../Core/Src/main.c:367:6:Error_Handler	4	static,ignoring_inline_asm
